
C:\Users\3337r\OneDrive\Desktop\Vlab\exp-knn-dei\experiment\simulation\js\knn_canvas.js
  1040:10  error  Parsing error: Identifier 'drawManhattanLine' has already been declared

C:\Users\3337r\OneDrive\Desktop\Vlab\exp-knn-dei\experiment\simulation\js\knn_data.js
  1:7  warning  'KNN_PLOT_DATA' is assigned a value but never used  no-unused-vars

C:\Users\3337r\OneDrive\Desktop\Vlab\exp-knn-dei\experiment\simulation\js\knn_logic.js
  257:11  warning  'sampleData' is assigned a value but never used      no-unused-vars
  496:36  warning  'title' is defined but never used                    no-unused-vars
  804:17  warning  'isFeaturePanel' is assigned a value but never used  no-unused-vars
  883:19  warning  'infoType' is assigned a value but never used        no-unused-vars

C:\Users\3337r\OneDrive\Desktop\Vlab\exp-knn-dei\experiment\simulation\js\main.js
  576:31  warning  'metric' is defined but never used  no-unused-vars

C:\Users\3337r\OneDrive\Desktop\Vlab\exp-knn-dei\experiment\simulation\js\mode_selection.js
  148:41  warning  'STATE' is not defined  no-undef
  149:23  warning  'STATE' is not defined  no-undef
  150:9   warning  'STATE' is not defined  no-undef

C:\Users\3337r\OneDrive\Desktop\Vlab\exp-knn-dei\experiment\simulation\js\parametric.js
  42:7  warning  'computeMetrics' is assigned a value but never used  no-unused-vars

C:\Users\3337r\OneDrive\Desktop\Vlab\exp-knn-dei\experiment\simulation\migrate_data.js
   1:12  warning  'require' is not defined  no-undef
   2:14  warning  'require' is not defined  no-undef
  21:5   warning  'process' is not defined  no-undef

C:\Users\3337r\OneDrive\Desktop\Vlab\exp-knn-dei\experiment\simulation\sw.js
  4:43  warning  'event' is defined but never used  no-unused-vars
  9:21  warning  'clients' is not defined           no-undef

✖ 16 problems (1 error, 15 warnings)

